
> travel-backend@0.0.1 test
> jest

npm : FAIL src/modules/blogs/blogs.service.spec.ts
At line:1 char:1
+ npm run test > test_output.txt 2>&1
+ ~~~~~~~~~~~~~~~~~~~~~~~~~~~~~~~~~~~
    + CategoryInfo          : NotSpecified: (FAIL src/module...service.spec.ts:String) [], RemoteException
    + FullyQualifiedErrorId : NativeCommandError
 
  ΓùÅ BlogsService ΓÇ║ findAllPublished ΓÇ║ should return paginated published blogs

    expect(received).toEqual(expected) // deep equality

    Expected: [{"_id": "blog123", "author": "author123", "content": "Test Content", "isPublished": true, "save": 
[Function mockConstructor], "slug": "test-blog", "title": "Test Blog", "viewCount": 0}]
    Received: undefined

    [0m [90m 92 |[39m
     [90m 93 |[39m             [36mconst[39m result [33m=[39m [36mawait[39m 
service[33m.[39mfindAllPublished({ page[33m:[39m [35m1[39m[33m,[39m limit[33m:[39m [35m10[39m })[33m;[39m
    [31m[1m>[22m[39m[90m 94 |[39m             expect(result[33m.[39mdata)[33m.[39mtoEqual(blogs)[33m;[39m
     [90m    |[39m                                 [31m[1m^[22m[39m
     [90m 95 |[39m             expect(result[33m.[39mtotal)[33m.[39mtoBe([35m1[39m)[33m;[39m
     [90m 96 |[39m         })[33m;[39m
     [90m 97 |[39m     })[33m;[39m[0m

      at Object.<anonymous> (modules/blogs/blogs.service.spec.ts:94:33)

FAIL src/modules/tours/tours.service.spec.ts
  ΓùÅ ToursService ΓÇ║ getTourBySlug ΓÇ║ should return a tour and increment viewCount

    expect(jest.fn()).toHaveBeenCalledWith(...expected)

    - Expected
    + Received

      {"isActive": true, "slug": "test-tour"},
      Object {
    -   "$inc": Object {
    -     "viewCount": 1,
    -   },
    +   "returnDocument": "after",
      },
    - {"returnDocument": "after"},

    Number of calls: 1

    [0m [90m 64 |[39m             expect(result)[33m.[39mtoBeDefined()[33m;[39m
     [90m 65 |[39m             expect(result[33m.[39mslug)[33m.[39mtoBe([32m'test-tour'[39m)[33m;[39m
    [31m[1m>[22m[39m[90m 66 |[39m             
expect(tourModel[33m.[39mfindOneAndUpdate)[33m.[39mtoHaveBeenCalledWith(
     [90m    |[39m                                                [31m[1m^[22m[39m
     [90m 67 |[39m                 { slug[33m:[39m [32m'test-tour'[39m[33m,[39m isActive[33m:[39m 
[36mtrue[39m }[33m,[39m
     [90m 68 |[39m                 { $inc[33m:[39m { viewCount[33m:[39m [35m1[39m } }[33m,[39m
     [90m 69 |[39m                 { returnDocument[33m:[39m [32m'after'[39m }[33m,[39m[0m

      at Object.<anonymous> (modules/tours/tours.service.spec.ts:66:48)

PASS src/modules/coupons/coupons.controller.spec.ts
FAIL src/modules/notifications/notifications.service.spec.ts
  ΓùÅ NotificationsService ΓÇ║ should send email to queue

    expect(jest.fn()).toHaveBeenCalledWith(...expected)

    - Expected
    + Received

      "send-email",
      Object {
        "context": Object {
    +     "message": "",
          "otp": "123456",
    +     "year": 2026,
        },
        "subject": "Subject",
        "template": "otp",
        "to": "test@test.com",
      },

    Number of calls: 1

    [0m [90m 127 |[39m     it([32m'should send email to queue'[39m[33m,[39m [36masync[39m () [33m=>[39m {
     [90m 128 |[39m         [36mawait[39m service[33m.[39msendEmail([32m'test@test.com'[39m[33m,[39m 
[32m'Subject'[39m[33m,[39m [32m'otp'[39m[33m,[39m { otp[33m:[39m [32m'123456'[39m })[33m;[39m
    [31m[1m>[22m[39m[90m 129 |[39m         
expect(emailQueue[33m.[39madd)[33m.[39mtoHaveBeenCalledWith([32m'send-email'[39m[33m,[39m {
     [90m     |[39m                                [31m[1m^[22m[39m
     [90m 130 |[39m             to[33m:[39m [32m'test@test.com'[39m[33m,[39m
     [90m 131 |[39m             subject[33m:[39m [32m'Subject'[39m[33m,[39m
     [90m 132 |[39m             template[33m:[39m [32m'otp'[39m[33m,[39m[0m

      at Object.<anonymous> (modules/notifications/notifications.service.spec.ts:129:32)

PASS src/modules/tour-dates/tour-dates.controller.spec.ts
PASS src/modules/coupons/coupons.service.spec.ts
FAIL src/modules/payments/admin-payments/admin-payments.controller.spec.ts
  ΓùÅ AdminPaymentsController ΓÇ║ should be defined

    Nest can't resolve dependencies of the AdminPaymentsController (PaymentsService, ?). Please make sure that the 
argument AdminLogService at index [1] is available in the RootTestModule context.

    Potential solutions:
    - Is RootTestModule a valid NestJS module?
    - If AdminLogService is a provider, is it part of the current RootTestModule?
    - If AdminLogService is exported from a separate @Module, is that module imported within RootTestModule?
      @Module({
        imports: [ /* the Module containing AdminLogService */ ]
      })

    For more common dependency resolution issues, see: https://docs.nestjs.com/faq/common-errors

    [0m [90m 14 |[39m
     [90m 15 |[39m   beforeEach([36masync[39m () [33m=>[39m {
    [31m[1m>[22m[39m[90m 16 |[39m     [36mconst[39m module[33m:[39m [33mTestingModule[39m [33m=[39m 
[36mawait[39m [33mTest[39m[33m.[39mcreateTestingModule({
     [90m    |[39m                                   [31m[1m^[22m[39m
     [90m 17 |[39m       controllers[33m:[39m [[33mAdminPaymentsController[39m][33m,[39m
     [90m 18 |[39m       providers[33m:[39m [
     [90m 19 |[39m         {[0m

      at TestingInjector.lookupComponentInParentModules (../node_modules/@nestjs/core/injector/injector.js:290:19)
      at TestingInjector.resolveComponentWrapper (../node_modules/@nestjs/testing/testing-injector.js:19:45)
      at resolveParam (../node_modules/@nestjs/core/injector/injector.js:140:38)
          at async Promise.all (index 1)
      at TestingInjector.resolveConstructorParams (../node_modules/@nestjs/core/injector/injector.js:169:27)
      at TestingInjector.loadInstance (../node_modules/@nestjs/core/injector/injector.js:75:13)
      at TestingInjector.loadController (../node_modules/@nestjs/core/injector/injector.js:94:9)
      at ../node_modules/@nestjs/core/injector/instance-loader.js:68:13
          at async Promise.all (index 0)
      at TestingInstanceLoader.createInstancesOfControllers 
(../node_modules/@nestjs/core/injector/instance-loader.js:67:9)
      at ../node_modules/@nestjs/core/injector/instance-loader.js:42:13
          at async Promise.all (index 1)
      at TestingInstanceLoader.createInstances (../node_modules/@nestjs/core/injector/instance-loader.js:39:9)
      at TestingInstanceLoader.createInstancesOfDependencies 
(../node_modules/@nestjs/core/injector/instance-loader.js:22:13)
      at TestingInstanceLoader.createInstancesOfDependencies 
(../node_modules/@nestjs/testing/testing-instance-loader.js:9:9)
      at TestingModuleBuilder.createInstancesOfDependencies 
(../node_modules/@nestjs/testing/testing-module.builder.js:118:9)
      at TestingModuleBuilder.compile (../node_modules/@nestjs/testing/testing-module.builder.js:74:9)
      at Object.<anonymous> (modules/payments/admin-payments/admin-payments.controller.spec.ts:16:35)

FAIL src/modules/auth/auth.controller.spec.ts
  ΓùÅ AuthController ΓÇ║ should be defined

    Nest can't resolve dependencies of the AuthController (AuthService, ?). Please make sure that the argument 
ConfigService at index [1] is available in the RootTestModule context.

    Potential solutions:
    - Is RootTestModule a valid NestJS module?
    - If ConfigService is a provider, is it part of the current RootTestModule?
    - If ConfigService is exported from a separate @Module, is that module imported within RootTestModule?
      @Module({
        imports: [ /* the Module containing ConfigService */ ]
      })

    For more common dependency resolution issues, see: https://docs.nestjs.com/faq/common-errors

    [0m [90m 21 |[39m
     [90m 22 |[39m     beforeEach([36masync[39m () [33m=>[39m {
    [31m[1m>[22m[39m[90m 23 |[39m         [36mconst[39m module[33m:[39m [33mTestingModule[39m [33m=[39m 
[36mawait[39m [33mTest[39m[33m.[39mcreateTestingModule({
     [90m    |[39m                                       [31m[1m^[22m[39m
     [90m 24 |[39m             controllers[33m:[39m [[33mAuthController[39m][33m,[39m
     [90m 25 |[39m             providers[33m:[39m [
     [90m 26 |[39m                 {[0m

      at TestingInjector.lookupComponentInParentModules (../node_modules/@nestjs/core/injector/injector.js:290:19)
      at TestingInjector.resolveComponentWrapper (../node_modules/@nestjs/testing/testing-injector.js:19:45)
      at resolveParam (../node_modules/@nestjs/core/injector/injector.js:140:38)
          at async Promise.all (index 1)
      at TestingInjector.resolveConstructorParams (../node_modules/@nestjs/core/injector/injector.js:169:27)
      at TestingInjector.loadInstance (../node_modules/@nestjs/core/injector/injector.js:75:13)
      at TestingInjector.loadController (../node_modules/@nestjs/core/injector/injector.js:94:9)
      at ../node_modules/@nestjs/core/injector/instance-loader.js:68:13
          at async Promise.all (index 0)
      at TestingInstanceLoader.createInstancesOfControllers 
(../node_modules/@nestjs/core/injector/instance-loader.js:67:9)
      at ../node_modules/@nestjs/core/injector/instance-loader.js:42:13
          at async Promise.all (index 1)
      at TestingInstanceLoader.createInstances (../node_modules/@nestjs/core/injector/instance-loader.js:39:9)
      at TestingInstanceLoader.createInstancesOfDependencies 
(../node_modules/@nestjs/core/injector/instance-loader.js:22:13)
      at TestingInstanceLoader.createInstancesOfDependencies 
(../node_modules/@nestjs/testing/testing-instance-loader.js:9:9)
      at TestingModuleBuilder.createInstancesOfDependencies 
(../node_modules/@nestjs/testing/testing-module.builder.js:118:9)
      at TestingModuleBuilder.compile (../node_modules/@nestjs/testing/testing-module.builder.js:74:9)
      at Object.<anonymous> (modules/auth/auth.controller.spec.ts:23:39)

  ΓùÅ AuthController ΓÇ║ register ΓÇ║ should call service.register

    Nest can't resolve dependencies of the AuthController (AuthService, ?). Please make sure that the argument 
ConfigService at index [1] is available in the RootTestModule context.

    Potential solutions:
    - Is RootTestModule a valid NestJS module?
    - If ConfigService is a provider, is it part of the current RootTestModule?
    - If ConfigService is exported from a separate @Module, is that module imported within RootTestModule?
      @Module({
        imports: [ /* the Module containing ConfigService */ ]
      })

    For more common dependency resolution issues, see: https://docs.nestjs.com/faq/common-errors

    [0m [90m 21 |[39m
     [90m 22 |[39m     beforeEach([36masync[39m () [33m=>[39m {
    [31m[1m>[22m[39m[90m 23 |[39m         [36mconst[39m module[33m:[39m [33mTestingModule[39m [33m=[39m 
[36mawait[39m [33mTest[39m[33m.[39mcreateTestingModule({
     [90m    |[39m                                       [31m[1m^[22m[39m
     [90m 24 |[39m             controllers[33m:[39m [[33mAuthController[39m][33m,[39m
     [90m 25 |[39m             providers[33m:[39m [
     [90m 26 |[39m                 {[0m

      at TestingInjector.lookupComponentInParentModules (../node_modules/@nestjs/core/injector/injector.js:290:19)
      at TestingInjector.resolveComponentWrapper (../node_modules/@nestjs/testing/testing-injector.js:19:45)
      at resolveParam (../node_modules/@nestjs/core/injector/injector.js:140:38)
          at async Promise.all (index 1)
      at TestingInjector.resolveConstructorParams (../node_modules/@nestjs/core/injector/injector.js:169:27)
      at TestingInjector.loadInstance (../node_modules/@nestjs/core/injector/injector.js:75:13)
      at TestingInjector.loadController (../node_modules/@nestjs/core/injector/injector.js:94:9)
      at ../node_modules/@nestjs/core/injector/instance-loader.js:68:13
          at async Promise.all (index 0)
      at TestingInstanceLoader.createInstancesOfControllers 
(../node_modules/@nestjs/core/injector/instance-loader.js:67:9)
      at ../node_modules/@nestjs/core/injector/instance-loader.js:42:13
          at async Promise.all (index 1)
      at TestingInstanceLoader.createInstances (../node_modules/@nestjs/core/injector/instance-loader.js:39:9)
      at TestingInstanceLoader.createInstancesOfDependencies 
(../node_modules/@nestjs/core/injector/instance-loader.js:22:13)
      at TestingInstanceLoader.createInstancesOfDependencies 
(../node_modules/@nestjs/testing/testing-instance-loader.js:9:9)
      at TestingModuleBuilder.createInstancesOfDependencies 
(../node_modules/@nestjs/testing/testing-module.builder.js:118:9)
      at TestingModuleBuilder.compile (../node_modules/@nestjs/testing/testing-module.builder.js:74:9)
      at Object.<anonymous> (modules/auth/auth.controller.spec.ts:23:39)

  ΓùÅ AuthController ΓÇ║ login ΓÇ║ should call service.login

    Nest can't resolve dependencies of the AuthController (AuthService, ?). Please make sure that the argument 
ConfigService at index [1] is available in the RootTestModule context.

    Potential solutions:
    - Is RootTestModule a valid NestJS module?
    - If ConfigService is a provider, is it part of the current RootTestModule?
    - If ConfigService is exported from a separate @Module, is that module imported within RootTestModule?
      @Module({
        imports: [ /* the Module containing ConfigService */ ]
      })

    For more common dependency resolution issues, see: https://docs.nestjs.com/faq/common-errors

    [0m [90m 21 |[39m
     [90m 22 |[39m     beforeEach([36masync[39m () [33m=>[39m {
    [31m[1m>[22m[39m[90m 23 |[39m         [36mconst[39m module[33m:[39m [33mTestingModule[39m [33m=[39m 
[36mawait[39m [33mTest[39m[33m.[39mcreateTestingModule({
     [90m    |[39m                                       [31m[1m^[22m[39m
     [90m 24 |[39m             controllers[33m:[39m [[33mAuthController[39m][33m,[39m
     [90m 25 |[39m             providers[33m:[39m [
     [90m 26 |[39m                 {[0m

      at TestingInjector.lookupComponentInParentModules (../node_modules/@nestjs/core/injector/injector.js:290:19)
      at TestingInjector.resolveComponentWrapper (../node_modules/@nestjs/testing/testing-injector.js:19:45)
      at resolveParam (../node_modules/@nestjs/core/injector/injector.js:140:38)
          at async Promise.all (index 1)
      at TestingInjector.resolveConstructorParams (../node_modules/@nestjs/core/injector/injector.js:169:27)
      at TestingInjector.loadInstance (../node_modules/@nestjs/core/injector/injector.js:75:13)
      at TestingInjector.loadController (../node_modules/@nestjs/core/injector/injector.js:94:9)
      at ../node_modules/@nestjs/core/injector/instance-loader.js:68:13
          at async Promise.all (index 0)
      at TestingInstanceLoader.createInstancesOfControllers 
(../node_modules/@nestjs/core/injector/instance-loader.js:67:9)
      at ../node_modules/@nestjs/core/injector/instance-loader.js:42:13
          at async Promise.all (index 1)
      at TestingInstanceLoader.createInstances (../node_modules/@nestjs/core/injector/instance-loader.js:39:9)
      at TestingInstanceLoader.createInstancesOfDependencies 
(../node_modules/@nestjs/core/injector/instance-loader.js:22:13)
      at TestingInstanceLoader.createInstancesOfDependencies 
(../node_modules/@nestjs/testing/testing-instance-loader.js:9:9)
      at TestingModuleBuilder.createInstancesOfDependencies 
(../node_modules/@nestjs/testing/testing-module.builder.js:118:9)
      at TestingModuleBuilder.compile (../node_modules/@nestjs/testing/testing-module.builder.js:74:9)
      at Object.<anonymous> (modules/auth/auth.controller.spec.ts:23:39)

  ΓùÅ AuthController ΓÇ║ refresh ΓÇ║ should call service.refreshTokens

    Nest can't resolve dependencies of the AuthController (AuthService, ?). Please make sure that the argument 
ConfigService at index [1] is available in the RootTestModule context.

    Potential solutions:
    - Is RootTestModule a valid NestJS module?
    - If ConfigService is a provider, is it part of the current RootTestModule?
    - If ConfigService is exported from a separate @Module, is that module imported within RootTestModule?
      @Module({
        imports: [ /* the Module containing ConfigService */ ]
      })

    For more common dependency resolution issues, see: https://docs.nestjs.com/faq/common-errors

    [0m [90m 21 |[39m
     [90m 22 |[39m     beforeEach([36masync[39m () [33m=>[39m {
    [31m[1m>[22m[39m[90m 23 |[39m         [36mconst[39m module[33m:[39m [33mTestingModule[39m [33m=[39m 
[36mawait[39m [33mTest[39m[33m.[39mcreateTestingModule({
     [90m    |[39m                                       [31m[1m^[22m[39m
     [90m 24 |[39m             controllers[33m:[39m [[33mAuthController[39m][33m,[39m
     [90m 25 |[39m             providers[33m:[39m [
     [90m 26 |[39m                 {[0m

      at TestingInjector.lookupComponentInParentModules (../node_modules/@nestjs/core/injector/injector.js:290:19)
      at TestingInjector.resolveComponentWrapper (../node_modules/@nestjs/testing/testing-injector.js:19:45)
      at resolveParam (../node_modules/@nestjs/core/injector/injector.js:140:38)
          at async Promise.all (index 1)
      at TestingInjector.resolveConstructorParams (../node_modules/@nestjs/core/injector/injector.js:169:27)
      at TestingInjector.loadInstance (../node_modules/@nestjs/core/injector/injector.js:75:13)
      at TestingInjector.loadController (../node_modules/@nestjs/core/injector/injector.js:94:9)
      at ../node_modules/@nestjs/core/injector/instance-loader.js:68:13
          at async Promise.all (index 0)
      at TestingInstanceLoader.createInstancesOfControllers 
(../node_modules/@nestjs/core/injector/instance-loader.js:67:9)
      at ../node_modules/@nestjs/core/injector/instance-loader.js:42:13
          at async Promise.all (index 1)
      at TestingInstanceLoader.createInstances (../node_modules/@nestjs/core/injector/instance-loader.js:39:9)
      at TestingInstanceLoader.createInstancesOfDependencies 
(../node_modules/@nestjs/core/injector/instance-loader.js:22:13)
      at TestingInstanceLoader.createInstancesOfDependencies 
(../node_modules/@nestjs/testing/testing-instance-loader.js:9:9)
      at TestingModuleBuilder.createInstancesOfDependencies 
(../node_modules/@nestjs/testing/testing-module.builder.js:118:9)
      at TestingModuleBuilder.compile (../node_modules/@nestjs/testing/testing-module.builder.js:74:9)
      at Object.<anonymous> (modules/auth/auth.controller.spec.ts:23:39)

  ΓùÅ AuthController ΓÇ║ logout ΓÇ║ should call service.logout

    Nest can't resolve dependencies of the AuthController (AuthService, ?). Please make sure that the argument 
ConfigService at index [1] is available in the RootTestModule context.

    Potential solutions:
    - Is RootTestModule a valid NestJS module?
    - If ConfigService is a provider, is it part of the current RootTestModule?
    - If ConfigService is exported from a separate @Module, is that module imported within RootTestModule?
      @Module({
        imports: [ /* the Module containing ConfigService */ ]
      })

    For more common dependency resolution issues, see: https://docs.nestjs.com/faq/common-errors

    [0m [90m 21 |[39m
     [90m 22 |[39m     beforeEach([36masync[39m () [33m=>[39m {
    [31m[1m>[22m[39m[90m 23 |[39m         [36mconst[39m module[33m:[39m [33mTestingModule[39m [33m=[39m 
[36mawait[39m [33mTest[39m[33m.[39mcreateTestingModule({
     [90m    |[39m                                       [31m[1m^[22m[39m
     [90m 24 |[39m             controllers[33m:[39m [[33mAuthController[39m][33m,[39m
     [90m 25 |[39m             providers[33m:[39m [
     [90m 26 |[39m                 {[0m

      at TestingInjector.lookupComponentInParentModules (../node_modules/@nestjs/core/injector/injector.js:290:19)
      at TestingInjector.resolveComponentWrapper (../node_modules/@nestjs/testing/testing-injector.js:19:45)
      at resolveParam (../node_modules/@nestjs/core/injector/injector.js:140:38)
          at async Promise.all (index 1)
      at TestingInjector.resolveConstructorParams (../node_modules/@nestjs/core/injector/injector.js:169:27)
      at TestingInjector.loadInstance (../node_modules/@nestjs/core/injector/injector.js:75:13)
      at TestingInjector.loadController (../node_modules/@nestjs/core/injector/injector.js:94:9)
      at ../node_modules/@nestjs/core/injector/instance-loader.js:68:13
          at async Promise.all (index 0)
      at TestingInstanceLoader.createInstancesOfControllers 
(../node_modules/@nestjs/core/injector/instance-loader.js:67:9)
      at ../node_modules/@nestjs/core/injector/instance-loader.js:42:13
          at async Promise.all (index 1)
      at TestingInstanceLoader.createInstances (../node_modules/@nestjs/core/injector/instance-loader.js:39:9)
      at TestingInstanceLoader.createInstancesOfDependencies 
(../node_modules/@nestjs/core/injector/instance-loader.js:22:13)
      at TestingInstanceLoader.createInstancesOfDependencies 
(../node_modules/@nestjs/testing/testing-instance-loader.js:9:9)
      at TestingModuleBuilder.createInstancesOfDependencies 
(../node_modules/@nestjs/testing/testing-module.builder.js:118:9)
      at TestingModuleBuilder.compile (../node_modules/@nestjs/testing/testing-module.builder.js:74:9)
      at Object.<anonymous> (modules/auth/auth.controller.spec.ts:23:39)

PASS src/modules/bookings/bookings.controller.spec.ts
PASS src/modules/blogs/admin-blogs.controller.spec.ts
PASS src/modules/payments/payments.service.spec.ts
PASS src/modules/tours/admin-tours.controller.spec.ts
PASS src/modules/crons/crons.service.spec.ts
PASS src/modules/auth/auth.service.spec.ts
PASS src/modules/payments/payments.controller.spec.ts
PASS src/modules/users/users.controller.spec.ts
PASS src/modules/reviews/admin-reviews.controller.spec.ts
PASS src/app.controller.spec.ts
PASS src/modules/wishlist/wishlist.service.spec.ts
PASS src/modules/reviews/reviews.controller.spec.ts
PASS src/modules/users/users.service.spec.ts
PASS src/modules/bookings/bookings.service.spec.ts
PASS src/modules/tour-dates/tour-dates.service.spec.ts
PASS src/modules/blogs/blogs.controller.spec.ts
PASS src/modules/home/home.service.spec.ts
PASS src/modules/wishlist/wishlist.controller.spec.ts
PASS src/modules/transactions/transactions.service.spec.ts
PASS src/modules/tours/tours.controller.spec.ts
PASS src/modules/transactions/transactions.controller.spec.ts
PASS src/modules/reviews/reviews.service.spec.ts

Summary of all failing tests
FAIL modules/blogs/blogs.service.spec.ts
  ΓùÅ BlogsService ΓÇ║ findAllPublished ΓÇ║ should return paginated published blogs

    expect(received).toEqual(expected) // deep equality

    Expected: [{"_id": "blog123", "author": "author123", "content": "Test Content", "isPublished": true, "save": 
[Function mockConstructor], "slug": "test-blog", "title": "Test Blog", "viewCount": 0}]
    Received: undefined

    [0m [90m 92 |[39m
     [90m 93 |[39m             [36mconst[39m result [33m=[39m [36mawait[39m 
service[33m.[39mfindAllPublished({ page[33m:[39m [35m1[39m[33m,[39m limit[33m:[39m [35m10[39m })[33m;[39m
    [31m[1m>[22m[39m[90m 94 |[39m             expect(result[33m.[39mdata)[33m.[39mtoEqual(blogs)[33m;[39m
     [90m    |[39m                                 [31m[1m^[22m[39m
     [90m 95 |[39m             expect(result[33m.[39mtotal)[33m.[39mtoBe([35m1[39m)[33m;[39m
     [90m 96 |[39m         })[33m;[39m
     [90m 97 |[39m     })[33m;[39m[0m

      at Object.<anonymous> (modules/blogs/blogs.service.spec.ts:94:33)

FAIL modules/tours/tours.service.spec.ts
  ΓùÅ ToursService ΓÇ║ getTourBySlug ΓÇ║ should return a tour and increment viewCount

    expect(jest.fn()).toHaveBeenCalledWith(...expected)

    - Expected
    + Received

      {"isActive": true, "slug": "test-tour"},
      Object {
    -   "$inc": Object {
    -     "viewCount": 1,
    -   },
    +   "returnDocument": "after",
      },
    - {"returnDocument": "after"},

    Number of calls: 1

    [0m [90m 64 |[39m             expect(result)[33m.[39mtoBeDefined()[33m;[39m
     [90m 65 |[39m             expect(result[33m.[39mslug)[33m.[39mtoBe([32m'test-tour'[39m)[33m;[39m
    [31m[1m>[22m[39m[90m 66 |[39m             
expect(tourModel[33m.[39mfindOneAndUpdate)[33m.[39mtoHaveBeenCalledWith(
     [90m    |[39m                                                [31m[1m^[22m[39m
     [90m 67 |[39m                 { slug[33m:[39m [32m'test-tour'[39m[33m,[39m isActive[33m:[39m 
[36mtrue[39m }[33m,[39m
     [90m 68 |[39m                 { $inc[33m:[39m { viewCount[33m:[39m [35m1[39m } }[33m,[39m
     [90m 69 |[39m                 { returnDocument[33m:[39m [32m'after'[39m }[33m,[39m[0m

      at Object.<anonymous> (modules/tours/tours.service.spec.ts:66:48)

FAIL modules/notifications/notifications.service.spec.ts
  ΓùÅ NotificationsService ΓÇ║ should send email to queue

    expect(jest.fn()).toHaveBeenCalledWith(...expected)

    - Expected
    + Received

      "send-email",
      Object {
        "context": Object {
    +     "message": "",
          "otp": "123456",
    +     "year": 2026,
        },
        "subject": "Subject",
        "template": "otp",
        "to": "test@test.com",
      },

    Number of calls: 1

    [0m [90m 127 |[39m     it([32m'should send email to queue'[39m[33m,[39m [36masync[39m () [33m=>[39m {
     [90m 128 |[39m         [36mawait[39m service[33m.[39msendEmail([32m'test@test.com'[39m[33m,[39m 
[32m'Subject'[39m[33m,[39m [32m'otp'[39m[33m,[39m { otp[33m:[39m [32m'123456'[39m })[33m;[39m
    [31m[1m>[22m[39m[90m 129 |[39m         
expect(emailQueue[33m.[39madd)[33m.[39mtoHaveBeenCalledWith([32m'send-email'[39m[33m,[39m {
     [90m     |[39m                                [31m[1m^[22m[39m
     [90m 130 |[39m             to[33m:[39m [32m'test@test.com'[39m[33m,[39m
     [90m 131 |[39m             subject[33m:[39m [32m'Subject'[39m[33m,[39m
     [90m 132 |[39m             template[33m:[39m [32m'otp'[39m[33m,[39m[0m

      at Object.<anonymous> (modules/notifications/notifications.service.spec.ts:129:32)

FAIL modules/payments/admin-payments/admin-payments.controller.spec.ts
  ΓùÅ AdminPaymentsController ΓÇ║ should be defined

    Nest can't resolve dependencies of the AdminPaymentsController (PaymentsService, ?). Please make sure that the 
argument AdminLogService at index [1] is available in the RootTestModule context.

    Potential solutions:
    - Is RootTestModule a valid NestJS module?
    - If AdminLogService is a provider, is it part of the current RootTestModule?
    - If AdminLogService is exported from a separate @Module, is that module imported within RootTestModule?
      @Module({
        imports: [ /* the Module containing AdminLogService */ ]
      })

    For more common dependency resolution issues, see: https://docs.nestjs.com/faq/common-errors

    [0m [90m 14 |[39m
     [90m 15 |[39m   beforeEach([36masync[39m () [33m=>[39m {
    [31m[1m>[22m[39m[90m 16 |[39m     [36mconst[39m module[33m:[39m [33mTestingModule[39m [33m=[39m 
[36mawait[39m [33mTest[39m[33m.[39mcreateTestingModule({
     [90m    |[39m                                   [31m[1m^[22m[39m
     [90m 17 |[39m       controllers[33m:[39m [[33mAdminPaymentsController[39m][33m,[39m
     [90m 18 |[39m       providers[33m:[39m [
     [90m 19 |[39m         {[0m

      at TestingInjector.lookupComponentInParentModules (../node_modules/@nestjs/core/injector/injector.js:290:19)
      at TestingInjector.resolveComponentWrapper (../node_modules/@nestjs/testing/testing-injector.js:19:45)
      at resolveParam (../node_modules/@nestjs/core/injector/injector.js:140:38)
          at async Promise.all (index 1)
      at TestingInjector.resolveConstructorParams (../node_modules/@nestjs/core/injector/injector.js:169:27)
      at TestingInjector.loadInstance (../node_modules/@nestjs/core/injector/injector.js:75:13)
      at TestingInjector.loadController (../node_modules/@nestjs/core/injector/injector.js:94:9)
      at ../node_modules/@nestjs/core/injector/instance-loader.js:68:13
          at async Promise.all (index 0)
      at TestingInstanceLoader.createInstancesOfControllers 
(../node_modules/@nestjs/core/injector/instance-loader.js:67:9)
      at ../node_modules/@nestjs/core/injector/instance-loader.js:42:13
          at async Promise.all (index 1)
      at TestingInstanceLoader.createInstances (../node_modules/@nestjs/core/injector/instance-loader.js:39:9)
      at TestingInstanceLoader.createInstancesOfDependencies 
(../node_modules/@nestjs/core/injector/instance-loader.js:22:13)
      at TestingInstanceLoader.createInstancesOfDependencies 
(../node_modules/@nestjs/testing/testing-instance-loader.js:9:9)
      at TestingModuleBuilder.createInstancesOfDependencies 
(../node_modules/@nestjs/testing/testing-module.builder.js:118:9)
      at TestingModuleBuilder.compile (../node_modules/@nestjs/testing/testing-module.builder.js:74:9)
      at Object.<anonymous> (modules/payments/admin-payments/admin-payments.controller.spec.ts:16:35)

FAIL modules/auth/auth.controller.spec.ts
  ΓùÅ AuthController ΓÇ║ should be defined

    Nest can't resolve dependencies of the AuthController (AuthService, ?). Please make sure that the argument 
ConfigService at index [1] is available in the RootTestModule context.

    Potential solutions:
    - Is RootTestModule a valid NestJS module?
    - If ConfigService is a provider, is it part of the current RootTestModule?
    - If ConfigService is exported from a separate @Module, is that module imported within RootTestModule?
      @Module({
        imports: [ /* the Module containing ConfigService */ ]
      })

    For more common dependency resolution issues, see: https://docs.nestjs.com/faq/common-errors

    [0m [90m 21 |[39m
     [90m 22 |[39m     beforeEach([36masync[39m () [33m=>[39m {
    [31m[1m>[22m[39m[90m 23 |[39m         [36mconst[39m module[33m:[39m [33mTestingModule[39m [33m=[39m 
[36mawait[39m [33mTest[39m[33m.[39mcreateTestingModule({
     [90m    |[39m                                       [31m[1m^[22m[39m
     [90m 24 |[39m             controllers[33m:[39m [[33mAuthController[39m][33m,[39m
     [90m 25 |[39m             providers[33m:[39m [
     [90m 26 |[39m                 {[0m

      at TestingInjector.lookupComponentInParentModules (../node_modules/@nestjs/core/injector/injector.js:290:19)
      at TestingInjector.resolveComponentWrapper (../node_modules/@nestjs/testing/testing-injector.js:19:45)
      at resolveParam (../node_modules/@nestjs/core/injector/injector.js:140:38)
          at async Promise.all (index 1)
      at TestingInjector.resolveConstructorParams (../node_modules/@nestjs/core/injector/injector.js:169:27)
      at TestingInjector.loadInstance (../node_modules/@nestjs/core/injector/injector.js:75:13)
      at TestingInjector.loadController (../node_modules/@nestjs/core/injector/injector.js:94:9)
      at ../node_modules/@nestjs/core/injector/instance-loader.js:68:13
          at async Promise.all (index 0)
      at TestingInstanceLoader.createInstancesOfControllers 
(../node_modules/@nestjs/core/injector/instance-loader.js:67:9)
      at ../node_modules/@nestjs/core/injector/instance-loader.js:42:13
          at async Promise.all (index 1)
      at TestingInstanceLoader.createInstances (../node_modules/@nestjs/core/injector/instance-loader.js:39:9)
      at TestingInstanceLoader.createInstancesOfDependencies 
(../node_modules/@nestjs/core/injector/instance-loader.js:22:13)
      at TestingInstanceLoader.createInstancesOfDependencies 
(../node_modules/@nestjs/testing/testing-instance-loader.js:9:9)
      at TestingModuleBuilder.createInstancesOfDependencies 
(../node_modules/@nestjs/testing/testing-module.builder.js:118:9)
      at TestingModuleBuilder.compile (../node_modules/@nestjs/testing/testing-module.builder.js:74:9)
      at Object.<anonymous> (modules/auth/auth.controller.spec.ts:23:39)

  ΓùÅ AuthController ΓÇ║ register ΓÇ║ should call service.register

    Nest can't resolve dependencies of the AuthController (AuthService, ?). Please make sure that the argument 
ConfigService at index [1] is available in the RootTestModule context.

    Potential solutions:
    - Is RootTestModule a valid NestJS module?
    - If ConfigService is a provider, is it part of the current RootTestModule?
    - If ConfigService is exported from a separate @Module, is that module imported within RootTestModule?
      @Module({
        imports: [ /* the Module containing ConfigService */ ]
      })

    For more common dependency resolution issues, see: https://docs.nestjs.com/faq/common-errors

    [0m [90m 21 |[39m
     [90m 22 |[39m     beforeEach([36masync[39m () [33m=>[39m {
    [31m[1m>[22m[39m[90m 23 |[39m         [36mconst[39m module[33m:[39m [33mTestingModule[39m [33m=[39m 
[36mawait[39m [33mTest[39m[33m.[39mcreateTestingModule({
     [90m    |[39m                                       [31m[1m^[22m[39m
     [90m 24 |[39m             controllers[33m:[39m [[33mAuthController[39m][33m,[39m
     [90m 25 |[39m             providers[33m:[39m [
     [90m 26 |[39m                 {[0m

      at TestingInjector.lookupComponentInParentModules (../node_modules/@nestjs/core/injector/injector.js:290:19)
      at TestingInjector.resolveComponentWrapper (../node_modules/@nestjs/testing/testing-injector.js:19:45)
      at resolveParam (../node_modules/@nestjs/core/injector/injector.js:140:38)
          at async Promise.all (index 1)
      at TestingInjector.resolveConstructorParams (../node_modules/@nestjs/core/injector/injector.js:169:27)
      at TestingInjector.loadInstance (../node_modules/@nestjs/core/injector/injector.js:75:13)
      at TestingInjector.loadController (../node_modules/@nestjs/core/injector/injector.js:94:9)
      at ../node_modules/@nestjs/core/injector/instance-loader.js:68:13
          at async Promise.all (index 0)
      at TestingInstanceLoader.createInstancesOfControllers 
(../node_modules/@nestjs/core/injector/instance-loader.js:67:9)
      at ../node_modules/@nestjs/core/injector/instance-loader.js:42:13
          at async Promise.all (index 1)
      at TestingInstanceLoader.createInstances (../node_modules/@nestjs/core/injector/instance-loader.js:39:9)
      at TestingInstanceLoader.createInstancesOfDependencies 
(../node_modules/@nestjs/core/injector/instance-loader.js:22:13)
      at TestingInstanceLoader.createInstancesOfDependencies 
(../node_modules/@nestjs/testing/testing-instance-loader.js:9:9)
      at TestingModuleBuilder.createInstancesOfDependencies 
(../node_modules/@nestjs/testing/testing-module.builder.js:118:9)
      at TestingModuleBuilder.compile (../node_modules/@nestjs/testing/testing-module.builder.js:74:9)
      at Object.<anonymous> (modules/auth/auth.controller.spec.ts:23:39)

  ΓùÅ AuthController ΓÇ║ login ΓÇ║ should call service.login

    Nest can't resolve dependencies of the AuthController (AuthService, ?). Please make sure that the argument 
ConfigService at index [1] is available in the RootTestModule context.

    Potential solutions:
    - Is RootTestModule a valid NestJS module?
    - If ConfigService is a provider, is it part of the current RootTestModule?
    - If ConfigService is exported from a separate @Module, is that module imported within RootTestModule?
      @Module({
        imports: [ /* the Module containing ConfigService */ ]
      })

    For more common dependency resolution issues, see: https://docs.nestjs.com/faq/common-errors

    [0m [90m 21 |[39m
     [90m 22 |[39m     beforeEach([36masync[39m () [33m=>[39m {
    [31m[1m>[22m[39m[90m 23 |[39m         [36mconst[39m module[33m:[39m [33mTestingModule[39m [33m=[39m 
[36mawait[39m [33mTest[39m[33m.[39mcreateTestingModule({
     [90m    |[39m                                       [31m[1m^[22m[39m
     [90m 24 |[39m             controllers[33m:[39m [[33mAuthController[39m][33m,[39m
     [90m 25 |[39m             providers[33m:[39m [
     [90m 26 |[39m                 {[0m

      at TestingInjector.lookupComponentInParentModules (../node_modules/@nestjs/core/injector/injector.js:290:19)
      at TestingInjector.resolveComponentWrapper (../node_modules/@nestjs/testing/testing-injector.js:19:45)
      at resolveParam (../node_modules/@nestjs/core/injector/injector.js:140:38)
          at async Promise.all (index 1)
      at TestingInjector.resolveConstructorParams (../node_modules/@nestjs/core/injector/injector.js:169:27)
      at TestingInjector.loadInstance (../node_modules/@nestjs/core/injector/injector.js:75:13)
      at TestingInjector.loadController (../node_modules/@nestjs/core/injector/injector.js:94:9)
      at ../node_modules/@nestjs/core/injector/instance-loader.js:68:13
          at async Promise.all (index 0)
      at TestingInstanceLoader.createInstancesOfControllers 
(../node_modules/@nestjs/core/injector/instance-loader.js:67:9)
      at ../node_modules/@nestjs/core/injector/instance-loader.js:42:13
          at async Promise.all (index 1)
      at TestingInstanceLoader.createInstances (../node_modules/@nestjs/core/injector/instance-loader.js:39:9)
      at TestingInstanceLoader.createInstancesOfDependencies 
(../node_modules/@nestjs/core/injector/instance-loader.js:22:13)
      at TestingInstanceLoader.createInstancesOfDependencies 
(../node_modules/@nestjs/testing/testing-instance-loader.js:9:9)
      at TestingModuleBuilder.createInstancesOfDependencies 
(../node_modules/@nestjs/testing/testing-module.builder.js:118:9)
      at TestingModuleBuilder.compile (../node_modules/@nestjs/testing/testing-module.builder.js:74:9)
      at Object.<anonymous> (modules/auth/auth.controller.spec.ts:23:39)

  ΓùÅ AuthController ΓÇ║ refresh ΓÇ║ should call service.refreshTokens

    Nest can't resolve dependencies of the AuthController (AuthService, ?). Please make sure that the argument 
ConfigService at index [1] is available in the RootTestModule context.

    Potential solutions:
    - Is RootTestModule a valid NestJS module?
    - If ConfigService is a provider, is it part of the current RootTestModule?
    - If ConfigService is exported from a separate @Module, is that module imported within RootTestModule?
      @Module({
        imports: [ /* the Module containing ConfigService */ ]
      })

    For more common dependency resolution issues, see: https://docs.nestjs.com/faq/common-errors

    [0m [90m 21 |[39m
     [90m 22 |[39m     beforeEach([36masync[39m () [33m=>[39m {
    [31m[1m>[22m[39m[90m 23 |[39m         [36mconst[39m module[33m:[39m [33mTestingModule[39m [33m=[39m 
[36mawait[39m [33mTest[39m[33m.[39mcreateTestingModule({
     [90m    |[39m                                       [31m[1m^[22m[39m
     [90m 24 |[39m             controllers[33m:[39m [[33mAuthController[39m][33m,[39m
     [90m 25 |[39m             providers[33m:[39m [
     [90m 26 |[39m                 {[0m

      at TestingInjector.lookupComponentInParentModules (../node_modules/@nestjs/core/injector/injector.js:290:19)
      at TestingInjector.resolveComponentWrapper (../node_modules/@nestjs/testing/testing-injector.js:19:45)
      at resolveParam (../node_modules/@nestjs/core/injector/injector.js:140:38)
          at async Promise.all (index 1)
      at TestingInjector.resolveConstructorParams (../node_modules/@nestjs/core/injector/injector.js:169:27)
      at TestingInjector.loadInstance (../node_modules/@nestjs/core/injector/injector.js:75:13)
      at TestingInjector.loadController (../node_modules/@nestjs/core/injector/injector.js:94:9)
      at ../node_modules/@nestjs/core/injector/instance-loader.js:68:13
          at async Promise.all (index 0)
      at TestingInstanceLoader.createInstancesOfControllers 
(../node_modules/@nestjs/core/injector/instance-loader.js:67:9)
      at ../node_modules/@nestjs/core/injector/instance-loader.js:42:13
          at async Promise.all (index 1)
      at TestingInstanceLoader.createInstances (../node_modules/@nestjs/core/injector/instance-loader.js:39:9)
      at TestingInstanceLoader.createInstancesOfDependencies 
(../node_modules/@nestjs/core/injector/instance-loader.js:22:13)
      at TestingInstanceLoader.createInstancesOfDependencies 
(../node_modules/@nestjs/testing/testing-instance-loader.js:9:9)
      at TestingModuleBuilder.createInstancesOfDependencies 
(../node_modules/@nestjs/testing/testing-module.builder.js:118:9)
      at TestingModuleBuilder.compile (../node_modules/@nestjs/testing/testing-module.builder.js:74:9)
      at Object.<anonymous> (modules/auth/auth.controller.spec.ts:23:39)

  ΓùÅ AuthController ΓÇ║ logout ΓÇ║ should call service.logout

    Nest can't resolve dependencies of the AuthController (AuthService, ?). Please make sure that the argument 
ConfigService at index [1] is available in the RootTestModule context.

    Potential solutions:
    - Is RootTestModule a valid NestJS module?
    - If ConfigService is a provider, is it part of the current RootTestModule?
    - If ConfigService is exported from a separate @Module, is that module imported within RootTestModule?
      @Module({
        imports: [ /* the Module containing ConfigService */ ]
      })

    For more common dependency resolution issues, see: https://docs.nestjs.com/faq/common-errors

    [0m [90m 21 |[39m
     [90m 22 |[39m     beforeEach([36masync[39m () [33m=>[39m {
    [31m[1m>[22m[39m[90m 23 |[39m         [36mconst[39m module[33m:[39m [33mTestingModule[39m [33m=[39m 
[36mawait[39m [33mTest[39m[33m.[39mcreateTestingModule({
     [90m    |[39m                                       [31m[1m^[22m[39m
     [90m 24 |[39m             controllers[33m:[39m [[33mAuthController[39m][33m,[39m
     [90m 25 |[39m             providers[33m:[39m [
     [90m 26 |[39m                 {[0m

      at TestingInjector.lookupComponentInParentModules (../node_modules/@nestjs/core/injector/injector.js:290:19)
      at TestingInjector.resolveComponentWrapper (../node_modules/@nestjs/testing/testing-injector.js:19:45)
      at resolveParam (../node_modules/@nestjs/core/injector/injector.js:140:38)
          at async Promise.all (index 1)
      at TestingInjector.resolveConstructorParams (../node_modules/@nestjs/core/injector/injector.js:169:27)
      at TestingInjector.loadInstance (../node_modules/@nestjs/core/injector/injector.js:75:13)
      at TestingInjector.loadController (../node_modules/@nestjs/core/injector/injector.js:94:9)
      at ../node_modules/@nestjs/core/injector/instance-loader.js:68:13
          at async Promise.all (index 0)
      at TestingInstanceLoader.createInstancesOfControllers 
(../node_modules/@nestjs/core/injector/instance-loader.js:67:9)
      at ../node_modules/@nestjs/core/injector/instance-loader.js:42:13
          at async Promise.all (index 1)
      at TestingInstanceLoader.createInstances (../node_modules/@nestjs/core/injector/instance-loader.js:39:9)
      at TestingInstanceLoader.createInstancesOfDependencies 
(../node_modules/@nestjs/core/injector/instance-loader.js:22:13)
      at TestingInstanceLoader.createInstancesOfDependencies 
(../node_modules/@nestjs/testing/testing-instance-loader.js:9:9)
      at TestingModuleBuilder.createInstancesOfDependencies 
(../node_modules/@nestjs/testing/testing-module.builder.js:118:9)
      at TestingModuleBuilder.compile (../node_modules/@nestjs/testing/testing-module.builder.js:74:9)
      at Object.<anonymous> (modules/auth/auth.controller.spec.ts:23:39)


Test Suites: 5 failed, 25 passed, 30 total
Tests:       9 failed, 165 passed, 174 total
Snapshots:   0 total
Time:        4.815 s, estimated 11 s
Ran all test suites.
